>Q9RKV3_STRCO/2794
MAERHRLLSLAFRMMGTLADAEDVVQETYVRWYRLEPEERDSIAVPAAWLMRVASRISLDLLGSARAR
>Q9X8P3_STRCO/1176
QFELDRPRLRAVAYRILGSLGEADDALQEAWLRADRANTSEVGNPSGWLTTVVARVCLNLLRARDT
>Q9RD74_STRCO/34100
RFEEHRGQLKAVAYRMLGSLAEAEDAVQEAWLRLDRSEADGIDNLGAWLTTVTGRICLDLLRSRTAR
>Q9EWW4_STRCO/775
PVTGERRQLINVAYRMLGSLTDAEDAVQEAYARWYAMPADRREAVGSPGAWLTTVVSRVCLNHLRSARV
>Q9RJS2_STRCO/1179
TVGERRQLINVAYRLLGSLAEAEDAVQEAYARWYALPRSRQEEIVSPGAWLTTVTGRVCLDALGSARAR
>Q9RDI5_STRCO/3096
AFVTHRNLLFTVAYEMLGSAADAEDVLQETWLKWAGVDLDTVRDRRAYLVRITTRQALNRLRTLGRR
>Q9K3H7_STRCO/974
VFEEHRPVLLGVAYRMLGRLADAEDVVQEAWLRWSGADRAAVREPRGYLVRVTTRLAIDRLRQVKS
>Q9FBZ0_STRCO/38103
VFARHGPRLFRIAYGMLGSTTRAEDVVRDVRLRWQATDRAVVADPQAYLTTATTRLSIRAALSART
>Q9FBU7_STRCO/3296
LAQRNRLFRIAYRIVGDAAGAEDVVQEAWVRWQLTDRAEVKNPVAFLTTTTTRLAINVIQSGRRR
>Q9FC81_STRCO/1181
VFVELRPRLFGIAYRVLGSAVEAEDVVQEVWLRWQRTDRTLVISPVAFLSSTTTRLAINVAQSARVRRETY
>Q9FC74_STRCO/1786
FLSARPQLFGIAYRVLGSAAEAEDIVQETWLRWQSTDRSKVHEPTAFLTTVATRLAINVAQSARVRRESY
>Q9A3D8_CAUCR/773
IFETRRRAMTGLAYRMLGSRAEAEDVVQDAWLRWRGVDVSEVQEPAAFLSRVVTRLALDRLKSARAR
>Q9RJ06_STRCO/1682
RFEASRNRLASLAYRLLGSATDAEDAVQDAFLHWQSADRQQIKVPEAWLTKVVTNLCLDRLRSAQAR
>Q987X4_RHILO/1379
GFAPLRPKLMRVAYRMLGSVADAEDAVQEAFIRWMKADRSAVREPEAFLRRTVTRLCLDQLKSARHK
>Q9KF25_BACHD/773
DYEQLKPLLFSLGYRLLGSVTDAEDLVQETFLRAYQAEEREINNKKAYLCKMMTNRCLDVLKSARRK
>Q9AK31_STRCO/1381
ALEKHRPELTGYCYRMLGSSFEAEDAVQDTLVRAWRSYDKFEGRSSLRSWLYRIATNVCLDMLTAGNKR
>Q98IZ0_RHILO/2795
LTTTHRRALKLHCYRMMGSLHEADDLVQETFLKAWRGRAQFDGRGSPRGWLYTIATNACLNAIKARSSA
>SIGG_MYCTU/63129
EPYRRELLAHCYRMTGSLHDAEDLVQETLLRAWKAYEGFAGKSSLRTWLHRIATNTCLTALEGRRRR
>Q98JN1_RHILO/2491
TVSHLRVRLHRYCARMTGSALDGEDIMQEALFEAYRKIGLLDDTQALRPWLFRIAHNRCIDFIRTRRT
>Q98IS5_RHILO/1986
LAAALRPELHRYCARLMGSVIDGEDVVQDTFARAFVALDELCAVPQLRPWLFRIAHNRALDLLRSRAT
>Q98KG8_RHILO/2896
LFAELRPKLHRYCARMTGSVFDGEDVLQETLAKAIEALPGAGPIANPEGWLFRIAHNAALDFLRRRARE
>Q9A4S9_CAUCR/2796
LLDRRLPRILALARRMLNDAGEAEDVAQETFLRAWKQARSWKPGGARFDTWLHRVALNLCYDRLRRRREV
>Q98BR7_RHILO/2897
LVARKLPRILSLAVRMLGDAAEAEDVAQETFVRIWRHAASWRRGNARFDSWIHRVTLNLCYDRLRRRREQ
>Q9XAI9_STRCO/37103
TYRAHYRSLLGLAALLLDDTASCEDVVQEAFIRVHSARKRVRDPEKTLAYLRQTVVNLSRSALRRRI
>RFAY_XANCP/2896
IVTACQNTVTAIALAITRDVAASEDIAQEAFLRAWQRLAQLHQPASFLPWLRQITRNLARDWLRSHRHR
>Q98L14_RHILO/3199
LLERHYDFVYRAAYRWCGKKADAEDIAQEVCVRLGKAIRDYRGGGAFTTWLYSVTMNAARDMMRKTARE
>Q9KCF6_BACHD/2087
LIELHLKTVEKFAFQLGVSPFAVEDISQEVFIKVYRFLHKHDRGKFTTWLYSITLNVVRDHYRKEQRL
>P73744_SYNY3/1683
LYRRYQAKVRSTLYQLCGQHQLDDLVQEVFFKVWKGLPKLRNHNFFATWLYRITWNVAQDARKQLGRS
>Q9WWP4_SYNP2/40107
LYRRYHQKVRSTLYQLCGVALLDDLVQEVFLKAWQGLPRLKNPDYFATWLYRITWNVATDQRRRFAKQ
>Q9X1T4_THEMA/2188
LYREFAPKIGSIAKSFLNTDDVDDVVQDVFLRIFKGIKKFRGDSKLSTWIYRIAVNVCKDYLQKYKKR
>Q9I2W5_PSEAE/876
LMRRYQRTLFNVCARYLGNDRDADDVCQEVMLKVLYGLKNFEGKSKFKTWLYSITYNECITQYRKERRK
>Q9PBA5_XYLFA/2997
LVRKYQHRVIALIGRYIADWSECQDVAQETFVRAYRGICNFRGDAQFSTWLHRIAVNTAKNHLAARNRS
>Q88MZ1_PSEPK/2593
LVLKYQHKILGLIVRFVHDTHEAQDVAQEAFIKAYRALGNFRGDSAFYTWLYRIAINTAKNYLVSRGRR
>Q9CK45_PASMU/2592
LVSRYQNKVAGLLTRYVSQNDIPDVVQESFIKAYRSIDSFRGDSAFYTWLYRIAVNTAKNYLTAQGRR
>Q1Z4B2_9GAMM/2593
LVIKYQNKVCNLVARYVSNSGDVPDVAQEAFIKAYRALPTFRGESAFYTWLYRIAVNTAKNYLVAQGRR
>Q9HYV8_PSEAE/2491
LVGAYQGAMRAVAWAIIGRSHTEEVVQDAWLAAVRGLDGFQGRSSLKTWLLTITANTAKSRLRQVRRE
>Q983W6_RHILO/1886
IIKTHNQRLYRLARGILRNDAEAEDVVQEAYVRAFANLAAFRGDASLATWLSRIVINEALGRLRKRRRT
>Q9FBL1_STRCO/41108
IVSTHSGRVYRLAYRLTGNQHDAEDLTQEVFVRVFRSLSTYTPGTFEGWLHRITTNLFLDMVRRKQRI
>Q73WV3_MYCPA/84150
LVRQHADRVYRLAYRLSGNQHDAEDLTQETFIRVFRSVQNYQPGTFEGWLHRITTNLFLDMVRRRSR
>P73431_SYNY3/54122
LLRRYQSHVDKILYHLAPDWQDRADLAQEVWIRVYRNIHRLNEPVKFKGWLSRIATNLFYDELRKRKRV
>Q9RXX5_DEIRA/65133
FISEYEGRIYGYLYRLEGNSEDALDLTQEVFYRAWRSIRTFRPGERVLPWLYQVARNTQIESHRRKQHA
>Q97E49_CLOAB/2290
LFHLYEKYLYNLCYGYTQNTSDAMDLVQEIYIKVFKNIKNFDENLPFHPWVRKISVNTCLNFKRDNRGN
>Q9KBA2_BACHD/2189
LVMAEKDRYYRLALTYMGNPHDAMDAMEDMIVTLYETIDQLQKEDAFYSWSNTILVNRCKRMLSKQQKL
>SIGV_BACSU/1482
CITDHKQDFYRLAFSYVKNQDDALDIVQESIKKALSSVETVRNPETIKSWFYKILVRTAIDFLRKQKKI
>Q9KF66_BACHD/1987
LVEKEKDKLYRVAFTYVRNEHDALDVVQEAVVKGYEAYDRIKHLDYFSSWMTRIVINTAIDLLRKGKDV
>SIGM_MYCTU/39105
LFRRHHRQLHRLARLTSRTSEDADDALQDAMLSAHRGAGSFRYDAAVSSWLHRIVVNACLDRLRRAK
>Q9S6U3_STRCO/3097
LVRRHRDRLWAVALRTLGDREEAADAVQDALVSAYRAAHTFRGQAAVTTWLHRITVNACLDRARKAAS
>Q98FN0_RHILO/1279
LLGAIPSLRAFAVSLTQNADKADDLVQETLVKAWDKHESFQPGTNLKAWLFTILRNEFYSQMRKRGRE
>Q9A2T1_CAUCR/2390
LVTLIPHLRAFARTLTGDPTAADDLAQDAMMKAWDARASFQLGTNMKAWTFMILRNQFYSEKRRSWRQ
>Q9A4F1_CAUCR/1380
LIALIPHLRAFARSLCGNAAMADDLAQEAVAKAWASRGSFTMGTNMKAWTFMILRNQFYSDKRRSWRS
>Q98MW7_RHILO/1683
IIGQLGSLRRYAQSLTRDSADAEDLVHDALVRAYERRGTFRSGGNLRAWLLSIVHNAFIDRMRSRRSE
>Q985A0_RHILO/40107
AILGEIPRLRRYARSLLRDRDSADDLVQDCLERALMRLDNWQTGESPRRWLFTIMHHLFIDQMRKVNR
>H7C6G3_BRADU/871
VEPLIPALRRYARALVRDRAAADDLVQDCLERAVGRWHQRRDGSVRAWLFTILHNLAVTQFRQT
>Q9A9J9_CAUCR/2087
EILPLEPDLLAYARQFCRDGQTDPEDLVHEAFARAIACKTWREVGNPGAFATRILRNCALDALRRRKV
>Q9L1B8_STRCO/570
LVTSLRPLLTAEASAEAYASGAEPGDLEQAVWLRLLERLEADGPPPDPHRWLRSAVRTEARRTRRR
>Q9A394_CAUCR/1182
WLAPHLPMLHRTARAFAEAPDQHDLLQELTVALWRARPSFRAESAAGTFAHRVAHNAALTWKRGEVRRRLRG
>RPOE_STRCO/1073
YVRTRQDALLRSARRLVPDPVDAQDLLQTALARTYGRWETIEDKRLADAYLRRVMINTRTEWWR
>Q9ADQ0_STRCO/164
MKARQPVLLRTARSLTANPSDAEDLLQTALTKTYVAWERIEDHRALDGYVRRALLNTRTSQWRK
>Q9K650_BACHD/675
LYEELKQDLYRFARTISRNEQEANDLIQDAMEKSLRCTELLDWPRHKQKAWFYRVMKNQLIDIRRKEKRE
>Q9K7Y4_BACHD/2184
FYEMKWYCKRLTHNKWESEDLFQDSLIKIYLAMKQQPDRKMTKTFFYRIIKHTWIDRKRKRQLQ
>Q9K6U3_BACHD/2391
LVEDVGLDLWRFCRYLTGSPWDGEDLYQETLVKAFGSLYQRWQPTNPKAYLFRIATNTWIDQCRKAKRI
>Q9K889_BACHD/672
HLKQLHDTVSRYCLFVTKSTWDAEDLAQETWLKAIETLKKQGHQNPEAFLLRVAKNQWIDQSRKKAV
>H8MR61_CORCM/1983
ALAHLDPLYSAALRLTKNERDAEDLVQDTCMRAYRFFDKFERGTNIKAWLFKILTNTFINRYRRK
>Q98FE8_RHILO/1380
VVLPHLGDALALARWLTGNAADAEDVVQDACIKAHAGISGYAGGNARAWLLTIVRNTSYTWMARNRPR
>Q9KT60_VIBCH/3098
LVRAYHRDLYRYAYWLCKDRSIAEDLVQETCLRAWKSLDSLLDEKAAKAWLITILRRENARRFERKQFD
>Q9RKI2_STRCO/31101
FAAYVLPEVEVLLRVAMTLTAQPADAEDLVQDTLLRAYRAIDRFDGKHPRAWLLTIMRRAEINRHRRRRPH
>Q9K2W6_STRCO/42108
IFQHQDRLMRLVRRRLPSFQDAEDCVQETMARAAAHAALDRNRLGAFLTSVALRLCIDFYRDMERRS
>Q9I6Y3_PSEAE/1382
LLKAFLAQRQRMESLVSRWVGCRATAADLVQELFLRFWRRPAAPVEELGSYLLRSARNLAIDHLRGEGSR
>Q9L0W8_STRCO/1277
LFAALYPRLAGWCRRLVDDDETAHEIASEAFTRLWARWTSVEEPRGFLYVTAANLVRDHWRKLERE
>Q9I444_PSEAE/1278
AYQAFHGELLRFLRKHLGSSADAADLAQDTFAQWLKWPGRQSVEQPRAFLFQIARNLLRDHWRRQQS
>Q9HXB4_PSEAE/1582
LYSDHHHWLTGWLRRRLGCPQNAADLAQDTFVKVLVSRQAARIDEPRAFLTTIARRVLCNHYRRQDVE
>Q9I265_PSEAE/1481
MFQNDYSWLSGRLRRYLGCPHSAEDIASETFLKVLALPDPASIREPRALLTTIARRLMYDGWRRQDLE
>Q9I222_PSEAE/1582
LFQQNYDWLCKKLSYQTGCSHSAEDLAAEAFLQVWMLPDPASIRSPRAFLATIAQRLMYESWRRKDLE
>FECI_ECOLI/1683
LYGTHHGWLKSWLTRKLQSAFDADDIAQDTFLRVMVSETLSTIRDPRSFLCTIAKRVMVDLFRRNALE
>Q9A4W8_CAUCR/2691
AYLRHLDWLTALLARRYPQDADDIAQDTWLRVHDYRPPRPVRSPRSLLARIALNLAASRFRKSSRE
>Q9I2J2_PSEAE/1582
LYQDHHGWLQGWLRRRLGCAENAADLAQDTFARLLASRRVLDAREPRAYLTTVAKGLMINWFQRQSLE
>Q9I114_PSEAE/1784
LYSEHHGWLQNWLRGKLGCAADAADLAQDTFLRILLKRELREIGMPRAFLRTIARGLVIDHWRREELQ
>Q1D507_MYXXD/1581
LFARHAPRVQGFLARMVRNGALAEDLLQATFLSVIRSRGRYEPGTRFIPWLMTIAANAARDALRHQR
>Q9HYJ5_PSEAE/1380
LFLRHARQLQSYLLRKTRDPHLAADLAQESFLRLAEQRHKEPIEHVDAYLYRTAHNLTIDHYRQERRR
>Q9A965_CAUCR/773
LRAQRRDLYQFIVRRTRDPATAEDLVQETFERLLAYGQAKTIVDRAALGYGIALNLVRDHFRLAQRR
>Q9KPR4_VIBCH/32100
VFSYYSPKLKQFVMKHVGSEQVALELVQETMSTVWQKASLFDGQKSSLATWIYTIARNLSYDLLRRQKG
>Q984A3_RHILO/58127
LFGFYAPRLKAFLKRSGMTPSAAEDVVQETMLLVWKKASYFDPGRAGVSTWIFTIARNARIDRLRRESRP
>RPOE_RHOS4/2997
LFQHFAPKVKGFLMKSGSVASQAEECAQDVMATVWQKAHLFDPSRASVATWIFTIARNRRIDGLRKDRQ
>Q9AAF3_CAUCR/45114
LFAHYAPRVKTLLVRSGSTPSAAEELAQEVMLAVWRKAHYFDPKRASAAAWIFTIARNLRIDSLRRGSSA
>Q9X8Z1_STRCO/2188
FYAESVGRLIGHLYAMTGDLAEAQDVVQEAFARAWERRTELDLNGAPEAWVRTVAWRLAVSRWRKVRT
>SIGL_MYCTU/1885
LYDEHAAVLWRYALRLTGDAAQAEDVVQETLLRAWQHPEVIGDTARPARAWLFTVARNMIIDERRSAR
>Q9L1U1_STRCO/36106
LYREHAGPLLAYVLRLVAGDRQRAEDVVQETLIRAWKNAGQLNRATGSVRPWLVTVARRIVIDGHRSRQAR
>Q9RCW8_STRCO/2394
LQREHGRPLFALLLRLSDGDRQRAEDLVQETLVRAWQHPEALRADDFDSVRPWLLTVARRLAIDARRARQAR
>Q9A7S1_CAUCR/32100
LVRRHGSTVRGLLRRLGADAATADDLAQDAFMTGFEQVAEFRGEGTFGAWIKKIAARLYLKRVKREARL
>Q9A7S4_CAUCR/2086
LVAIHEKPLRGFLRKSGWIDADDIAQEAFVAAWSDLPRLRDDAGFRAWLYGVAWKKALSQRRGAQRA
>B2HD19_MYCMM/33104
LETIRPIVVRYCRARVGTVERSGLSADDVAQEVCLATITALPRYRDRGRPFLAFLYGIAAHKVADAHRAAGR
>CNRH_CUPMC/2592
LVARHGVALAQAARSFGIPETDVDDVVQDTFVAAWHALDDFDPDRPFRAWLFRIGLNKMRDLYRFRRV
>Q98G46_RHILO/2796
FLHRIAALVRGFVRRKIVQGGVDPEDVVQETLLAIHVKRHTWRQDAPVLPWIYAIARFKLIDAFRRRGRR
>Q9A3F1_CAUCR/2794
LALLGVRLRAYFMRRMSGAPGDVEDLVQETLLAVHLKRSTWDSAQSFTAWAHAVARYKLIDHWRRRKI
>Q38033_BPPHC/30105
TDSRVVALARKAAQRMAPHGGARFADWADEFTQVGRVAVWDCLKRFTDTTVDAFERYVYATVDGTLKDAVREERNG
>Q9CP51_PASMU/476
ISSEELETIRGQMLKFATLQLKDPILAEDVVQEAFVSALKNIESFKRQSALKTWIFAILKNKIIDYLRVNHRF
>Y1459_HAEIN/2589
IRTQMLTFAQLQVNQADLAEDLVQEAFLSAFKNLANFKRQSAFKTWIFAILKNKIIDYLRQKGRF
>Q9KZV5_STRCO/2693
LYRRYAPWLTARMRSRCADAAVVDDVVQETFLAVWRGSARYREEGDVAGWLWRIGSRRLIDALRGEGA
>Q9RW65_DEIRA/50119
LHRRYARALYGLGGRILASPEAIQQGVEDALMTAWHHAAHYEPARASVHGWLISIAHHRFLQLRRGAGGT
>Q9KZF7_STRCO/2493
LVDGLGPLVWSVARSHGLSDADAHEVYQTAWFRFAQHLGRIREPEKTGSWLASTARHECLKLLKASKRWT
>Q9EWE3_STRCO/55121
AYRLVQPGLLGYVRGLVGEDAEDVAADAWLEIARDLRRFKGDGAGFRGWTATIARHRALDHLRRQKV
>Q9EWE1_STRCO/2694
VYRAVQPRLLGYVRTLVGDPDAEDVASEAWLQIARDLERFDGDADRFRGWAARIARNRALDHIRMRGRR
>YLAC_BACSU/1078
LYRQYYQEILNYLFRRTHHLETAKDLAQDTFVKALNGLASFRGHSSIRTWLYTIAHHTFINWYRRDVKY
>SIGY_BACSU/2492
LFHYHYSFLYKYLLKLSLHPDLSEELVQETFLKGYIHLRSFQGRSKFSTWLISIASRLYLDHQKKRKRE
>SIGM_BACSU/673
IYQMYMNDVYRFLLSMTKDKHLAEDLLQETFMRAYIHIHSYDHSKVKPWLFQVARNAFIDYVRKHKKE
>Q8F7R7_LEPIN/1582
LYSRNYEKIYRFLLSKGASKEEAEEICQETFIKVLRHWEKFDPSKGNETSWMLTIAKNQFLDMIKKKD
>Q9K7J9_BACHD/2493
WMEEYGTAILRVVYSYVKDKQIAEDLTQEVFVRAFQSYHTYQTRSSAKAWLYRIAINRSKDFLKSWHAKH
>O83130_TREPA/169
MYEQLVPVLYRVAYNVVREEDIAEGLCHDAFIAMTEKRMEFPSLSDAKYWLIRVVKNASLNYAKRRVRE
>O54163_STRCO/2190
IFDRHGKAVYNHLFRRTADWSEAEDLTSTVFLHAWRRRADTVLDRDSALPWLLGIANGQLSNTRRRLRRA
>Q9AD34_STRCO/65133
LYGHYRPQIYTYLMRRTCDRPLSEDLTGDVFVRALTRINAFTWRGTDFGAWLSTIARNLLVDHYKSART
>V6K8P9_STRNV/1986
LYDQYSDTVYRYIYYRVGGKATAEDLTSETFLRALRRISTFTWQGRDFGAWLVTIARNLVADHFKSSR
>O65997_CLOAB/2291
IFETYSKRVYNYIYYRVNCQYTAEDLMSKIFEKVMLKIDSYSEKKSSFEVWLFTIARNVLNDYFRGLKRH
>SIGZ_BACSU/673
LWDQFHQPLKTYISHRVNDQSIVDDLLQIVFMKIQVHLPNLIDEQKIDSWIYRITRNTIIDFYRTKKT
>SIGX_BACSU/875
LYDTYHQDLYQFLFYMVKDKNQTEDLLQEVYIRVLNSYHTFEGRSSEKTWLLSIARHVAIDWFRKQQT
>Q9KYF3_STRCO/138201
LYRRHADAVRRYARTCCRDAHTADDLTAEVFARMLQAVRGGSGPEHAVRAYLLTAVRRVAAGWT
>Q2G0P4_STAA8/2693
LVMDLQPLIIRRIKTFGFNHYDLEDLYQEILIRMYRSVQTFDFSGEQPFTNYVQCLITSVKYDYLRKY
>Y4167_CLOAB/2796
IFNYFGPFIKSFTKNIYIRNFDKSDIYEECNFSILLSIKKCDIKKYNFTAYTISSIKNNIYYKIRNQAKF
>Q98R31_MYCPU/31109
LYEDYYPQIKSLARKVLSSFYSCSLEVHDLLNIAFFNWEKLVQDYDPTRNIVFEFYILKWMRLLFYQGIKNDISKRNSF
>B6V2T2_BPSP1/1987
FKKYELLRKSVYKKFKDKMINQSDREDLMGTIDQIFLQLVSEYNPNRGVDFPYYIKRMLELRTYHHITK
>Q9WZ04_THEMA/2998
IVEKYYPMVVKIASQYFASWAEHEDIVQNGLVGLIKAIFYYDKTKSSFTSFAWRSVDSEIKSFLTYLNRK
>D5DVR7_BACMQ/36105
LIHKYKNFVRAKARSYFLIGADREDIVQEGMIGLYKAIRDFREDKLTSFKAFAELCITRQIITAIKTATR
>Q97JP7_CLOAB/2091
VVEKYMTLVKSIARKYINRSGTLELEDMVQSGAISMINAVENFDYNKGVKFSTYARHCVEGGMKNYCKKNEL
>I3VS70_THESW/2892
LVECNIRLVDKVAAGFLKSGVEFDDLVQEGLIGLLTAIDKFDHTKGYKFSTYATWYIQQSMRRYI
>H8MRD8_CORCM/50117
SSNLAFVVAVAKKFANRGARLDDLIQEGNVGLMKAIEHFDPKKNVRFATYAVWWIRAYITRYLKDNRS
>Q1D016_MYXXD/34103
LVASNLRLVVKLAHEYHRNPLSLLDLVQEGNIGLMQAVKKYDPERGVKLSSYAAWWIRAYILRYIMDNWK
>Q9ZDM4_RICPR/53123
LVTSHLKLVAKIASSYKTYGLPITELVSEGNIGLMQAVKKFNPELGFRLSTYAMWWIKASIQEYILKSWSL
>H7C6T6_BRADU/62131
LVTSHLRLAAKLARGYKGYGLPMVDLIAEANLGLVIAASRFEPGRGARFSTYAIWWIKAAIHEYILRSWS
>D5AP35_RHOCB/53122
LVTSHLRLAAKIAMGYRGYGLPQAEVISEANVGLMQAVKRFDPERGFRLATYAMWWIRAAIQEYILRSWS
>Q98FA7_RHILO/44114
ITVAHMRLVISMASKFRHYGLPLGDLIQEGHVGLLEAAARFEPEREVRFSTYATWWIRASMQDYILRNWSI
>H9L4M9_XANCP/60129
LVHSHLRFVVHVARGYNGYGLPLGDLIQEGNIGLMKAVKRFDPEMGVRLVSFAVHWIRAEMHEFILKNWR
>RPOH_BUCAI/53123
LILSHLRFVIHISRNYSGYGLLQSDLIQEGNIGLMKAVRRFNPEIGVRLVSFAVHWIKSEIHEYVLRNWRI
>A0KF81_AERHH/54124
LVMSHLRFVVHVAKSYAGYGLPQADLVQEGNIGLMKAVKRFDPSVGVRLVSFAVHWIKAEIHEYVLRNWRM
>Q09C40_STIAD/47116
LVTSNLRFVVKVAYEYRSYGLRMSDLIQEANIGLMKAVQKFDPDKGIRLISYAVWWIRAYIQGYVLKNWS
>SIGF_ARATH/311381
LITANLRLVVHIAKQYQNRGLNFQDLLQEGSMGLMKSVEKFKPQSGCRFATYAYWWIRQSIRKSIFQNSRT
>J3MRH6_ORYBR/343411
ARSNFRLVIHVARKYEGYGLDIQDLVQDGCCGLMKTFEKFNPSKGCRFPTYAYWWIRQSIKKSIFKNSR
>SIGD_ARATH/183253
ITRCYRRLVVSIATGYQGKGLNLQDLIQEGSIGLLRGAERFDPDRGYKLSTYVYWWIKQAILRAIAHKSRL
>SIGC_ARATH/336406
LVKSTRSLVLFLARNYRGLGIAHEDLIQAGYVGVLQGAERFDHTRGYKFSTYVQYWIRKSMSTMVSRHARG
>Q9AYR7_PHYPA/340410
MVNSNLRLVVSIAKNYQGRGMTLQDLIQEGSMGLVRGAEKFDPTKGFKFSTYAHWWIRQAVTRSIADQSRT
>C5WQ19_SORBI/291357
MVKSNVRLVISIAKEHEGPGMEFSDLIQEGMQGLIRGAEKFDASKGFRFSTYSHWWIKQAIRKSVLE
>SIGB_ARATH/336406
MIKSNIRLVISIAKNYQGAGMNLQDLVQEGCRGLVRGAEKFDATKGFKFSTYAHWWIKQAVRKSLSDQSRM
>SIGA4_SYNE7/78148
MLKANLRLVVSVAKKYQNQGLELLDLIQEGSLGLERAVEKFDPALGYKFSTYAYWWIRQSMTRAIDNHART
>P73666_SYNY3/87157
MVEANLRLVVSVAKKYLKRNLDLLDLIQEGTIGMQRGVEKFDPTKGYRFSTYAYWWIRQAITRAIAEKSRT
>B2J2K2_NOSP7/98167
MITANLRLVVSIAKQYQRRNLELMDLIQEGTLGLERGVEKFNPALGYRFSTYAYWWIRQGITRAIAQQGR
>P73710_SYNY3/136206
MIRSNLRLVVSIAKRYLNRGVPFLDLIQEGAIGLNRAAEKFDPDKGYKFSTYAYWWIRQAITRTIANDART
>Q9PQE2_UREPA/197267
LYTSNMRLVTSIAKKYLNRGLDLEDLIQEGSSGLLKAIDKFDHEKGHKFSTYATWWIRQSITRAIADQARQ
>SIGA_MYCPN/252322
LVTSNLRLVVSIAKKHLERGLDFNDLIQEGNLGLLKAISKFNWSLGNKFSTYATWWIKQAITRAIADQART
>SIGA_SYNY3/193263
MVQSNLRLVVSIAKKYMNRGLSFQDLIQEGSLGLIRAAEKFDHEKGYKFSTYATWWIRQAITRAIADQSRT
>HRDC_STRCO/106176
MVRANLRLVVSMAKRHAHRGLPLLDVIQEGNLGLIRAVEKFDHTKGFKFSTYATWWIRQAIERGLATHART
>A9WAH7_CHLAA/164232
AAANLRLVVSIAKRYRDRGLPLLDLIQEGSLGLLRAIEKFDYTKGYKFSTYATWWIKQALSRALADQSR
>HRDA_STRCO/163233
LIEANLRLVVSVAKRYVGRGLTMLDLVQEGNLGLIRAVEKFDYARGYKFSTYATWWIRQAMSRALADQART
>A9WGV1_CHLAA/148218
LIQANLRLVVSIAKKYTSYGLTMMDLVQEGNIGLMRAVEKFDYKKGHKFSTYATWWIRQAITRAIADQSRT
>SIGA_STAA8/135205
LAEANLRLVVSIAKRYVGRGMLFLDLIQEGNMGLIKAVEKFDFNKGFKFSTYATWWIRQAITRAIADQART
>A1WW15_HALHL/368438
MVEANLRLVISIAKKYTNRGLQFLDLIQEGNIGLMKAVDKFEYRRGYKFSTYATWWIRQAITRSIADQART
>RPOD_HELPY/437506
AKSNLRLVVSIAKRFTSRGLPFLDLIQEGNIGLMKAVDKFEHEKGFKFSTYATWWIKQAISRAIADQART
>HRDD_STRCO/100170
FIRSNLRLVVAVARRYPRSGLPLLDLIQEGNAGLVRAVEKFDYRKGFKFSTYATWWIRQAITRSIADQSRT
>E0WSL8_9ENTR/96166
MIESNLRLVVKIARRYGNRGLALLDLIEEGNLGLIRAVEKFDPERGFRFSTYATWWIRQTIERAIMNQTRT
>I0HUI5_RUBGI/84153
MIERNLRLVVSIAKHYVGRGMPMIDLIEEGNLGLMHATGKFEPERGFRFSTYASWWIRQSIERAIMHQAR
>O51712_BORBU/45115
MINANLRLVLKIIKRYAGKGLKIEDLIQEGNLGLIRAAEKYDPNKNTKFSTYASFWIKQSLQRALNTKTRL
>A9WGX1_CHLAA/78148
LINSNLRLVVSIARRYQGHGLSLLDLIQEGSVGLMRAVDKFDASRGLKFSTYATYWIRQSIGRAIADHSRT
>Q98QB2_MYCPU/218288
LINRNLRLVINNAKKYKNRGLSFIDLISEGNAGIIKAVQKFDESKGFKFSTYATWWIRQSITRAVADQART
>B4S455_PROA2/66135
LIKGNLRFVVSVAKQYQNQGLTLGDLINEGNLGLIKAAKRFDETRGFKFISYAVWWIRQSILQALAEQSR
>O67437_AQUAE/46116
LVESNLRFVVSVAKQYIGYGLPFSELIAAGNLGLLEAAKRFDPDRGVKFISYAVWWIRQAIMQALSQQTGA
>O83976_TREPA/64134
LVRANVRFVISVARHYRTCGLPLADLISEGNIGLLTAAERFNPARGCRFISYAACWIRQSILKALNEKARI
>SIGE_ARATH/283356
LIKHNLRLVLFVMNKYFHEFTNGPKFQDLCQAGMRGLITAIDRFEPKRKFRLSTYGLFWIRHAIIRSMTTSNFT
>SIGA_ARATH/263333
LAMSNVRLVMSIAQRYDNLGAEMSDLVQGGLIGLLRGIEKFDSSKGFRISTYVYWWIRQGVSRALVDNSRT
>Q97GR0_CLOAB/35104
IIENNLPLVSAISRKFLNRGYEYDDIFQIGCMGLVKAVNNFNSDYKVKFSTYAVPMIMGEIKRFLRDDGI
>X2GJ92_9BACI/35101
MIEGNTRLVWSIVQRFTTRGVELEDLFQIGCIGLMKSVDKFDLAYDVKFSTYAVPMIIGEIQRFLRD
>E3E826_PAEPS/36103
LVNSNIRLVWSVVQRFMNRGYEPDDLFQIGCIGLLKSVDKFDLSYEVKFSTYAVPMIIGEIQRFLRDD
>Q9K9U1_BACHD/42112
LVNGNLRLVLSVIQRFNNRGEYVDDLFQVGCIGLMKSIDNFDLSQNVKFSTYAVPMIIGEIRRYLRDNNPI
>P74595_SYNY3/32103
IMEVNLGLVRKEAHHWTAQCNESFEDLSQVGCLGLIRAIERFDVSKGNAFSSFAIPYVRGEIQHFLRDKSNC
>Q9WWP8_SYNP2/35106
IVSLNIGLVRKEAHHWSRQCSENFDDLMQVGSLGLLRAIERFTLERGNAFSSFANPYIRGEIQHYLRDKSST
>B1VLU0_STRGG/65135
LIEMNLSLVRFAANRFRNRGSGDMEDIVQVGTIGLIKAIDRFDLSREVEFTSFAVPYIVGEIKRFFRDTSW
>Q9ADM4_STRCO/97167
LIELNLPLVRYAAARFRSRNEPMEDIVQVGTIGLIKAIDRFDCERGVEFPTFAMPTVVGEIKRFFRDTSWS
>Q9RIT0_STRCO/141211
LVRMHLPLVEHLARRFRNRGEPLDDLTQVATIGLIKSVDRFDPDRGVEFSTYATPTVVGEIKRHFRDKGWA
>SIGF_MYCTU/43112
IVQRCLPLADHIARRFEGRGEPRDDLIQVARVGLVNAAVRFDVKTGSDFVSFAVPTIMGEVRRHFRDNSW
>Q9K4K0_STRCO/56125
LVTAWLPMAHRIAGRFRDRGESIEDLRQVAALGLVKAIDRFDPERGAFESYAVPTITGEVKRHFRDRMWA
>Q7AKD1_STRCO/41111
LIRVWLPMAERIAVRFRGRGENLEDLYQVAALGLVKAVDHYDPERGHAFEAYAVPTVTGEIKRHFRDHMWT
>Q9KFF0_BACHD/34104
LVKHYEPLVHSLARKFSRSRAHDDDLIQVGMVGLLAAFERYDPKYGRSFESFAVPTIIGEIKRFIRDKTWS
>Q2FWJ4_STAA8/35104
LVKHYQKLIESLAYKYSKGQSHHEDLVQVGMVGLIGAINRFDMSFERKFEAFLVPTVIGEIKRYLRDKTW
>Q62YJ7_BACLD/34103
LVQTYKNLVETLAKKYSKGKSFHEDLCQVGMLGLLGAIKRYDPDVGKSFEAFAIPTIIGEIKRFLRDKTW
>RPSB_BACAN/34104
LVDHYKNLVYSIAYRYSKGGPMHEDIIQVGMLGLLGAIRRYDYSIGNAFEPFAIPTIVGEIKKYLRDKTWG
>Q7AP79_LISMO/34103
LVVHYKNLVESIARKYSQGKSFHEDLVQVGNIGLLGAIRRYDATFGKSFEAFAVPTIVGEIKRFLRDKTW
>Q9K9T9_BACHD/60130
LIERNLRLVVYIARKFENTGINIEDLISIGTIGLIKAVNTFNPEKKIKLATYASRCIENEILMYLRRNNKI
>Q9KDC8_BACHD/54124
LIEHNLRLVAHIVKKFENTREHTEDLISIGTIGLIKAIESFSEGKGTKLATYAARCIENEILMHLRALKKV
>Q7D463_CLOAB/54123
LIERNLRLVAHIVKKYSYSGKEVDDLISIGTIGLIKAIDSYNVSKGTRLATYAARCIENEILMLIRNNKK
>Q8XJI8_CLOPE/54126
LVERNLRLVAHIVKKYSSNYQNSKEMDDLISIGTIGLIKAIDSFDTNKGIRLATYAAKCIDNEILMFFRNTKK
>Q97HF9_CLOAB/2698
LIDSSMKYIKKIANGFCLNNKSLSLEDLMQEGIIAVIKAINSYDLDKNVKFSTYVYSMINFTLISEIKKKYSY
>Q9X004_THEMA/779
VIRSLLPFIKRIAEDLAQTLPPNVEVDDLIQEGIVAALSSLERYDPSKASFTTFIMKRVKGAMYDYLRKIDWM
>O25676_HELPY/41113
LAIQYLPAVRAMAFRLKERLPSSIDFNDLVSIGTEELIKLARRYESALNDSFWGYAKTRVNGAMLDYLRSLDV
>O67268_AQUAE/1487
LILKYLPLVKAIATNIKKHLPEDVDIRDLISYGVIGLIKAVDNLSTENPKRAEAYIKLRIKGAIYDYLRSLDFG
>O84064_CHLTR/2598
LIESYLPLVKNVAHRLASGMPSHVKMEDLYALGVEGLIRAVERFDPEKSKRFESYALFIIKAAIIDGLRKQDWV
>O83707_TREPA/30103
FVVQYAPLVKYVASKIAVGKPGNVEFDDLVSYGIFGLFDAIDKYDPEKNIRFNTYAVTRIRGAIFDELRSIDWV
>F2R5I2_STRVP/28100
LILHYSPLVKYVAGRVSVGLPSNVEQADFVSSGVFGLIDAIEKFDVERAIKFETYAITRIRGAMIDELRALDW
>Q9KA59_BACHD/28101
LIRQYLPLVHYHVQRISVGLPRSVSKDDLISHGMLGLLDALEKFNPDRDLKFDTYASFRVRGAILDGLRKEDWL
>Q97H70_CLOAB/1385
LIKKYIPLVKYIASRVIIGKSKYIEYEDLVGYGMIGLMDALKKFDQSKGMKFSTYSSIRIKGAMIDELRKNSP
>FLIA_ECOLI/1689
LWQRYVPLVRHEALRLQVRLPASVELDDLLQAGGIGLLNAVERYDALQGTAFTTYAVQRIRGAMLDELRSRDWV
>Q8P9F9_XANCP/2596
VTQHADLVRRIAHHLAARLPASVEVDDLIQAGMIGLIEASRSYDSDQGASFETYASIRIRGSMIDEIRRGDW
>Q5ZUL1_LEGPH/42114
LVKTHATLVKRIAHHLLGRLPQSVQLDDLIQSGMLGLLEAARHYDSSKGASFETYAGIRIRGHMLDEVRRNDW
>FLIA_PSEAE/2295
LIQRYAPLVKRIAYHLLGRLPASVQVEDLMQAGMIGLLEAAKKYDAGKGASFETYAGIRIRGAMLDEVRKGDWA
>Q9KQD4_VIBCH/1992
FLEKYSVLVKRIAHHLIGRLPPSVLIEDLIQAGMVGLLEAQKNYDGSKGASFETYAGIRIRGAMLDDIRRGDWV
>Q5NPV6_ZYMMO/2898
LIKTHLQLVRKIAWHVHGRVSSAIEVEDLIQIGMVALIEAANAFENRGFAFATYASMRIRGAMIDYMRQHA
>LAFS_VIBPA/28101
LLQRHQVMVKRVVNQLRVHATSHCSIEDMQQIGLIALVEAGRRYGDIDDTHFPAFAVCRVRGAILDELRRLDWR
>Q97I83_CLOAB/2495
LIQEYKPFIASLLQKKTGKYLQYGYDDELSIGMIAFEEAVESYDRNKGKFLSFAKRVIILRAIDYYRKNQKF
>SIGI_BACSU/36107
LIQQYKPFIAKTVSSVCKRYIDEKDDEFSIGLIAFNEAIEKYSPEKGNSLLAFAELIIKRKVIDYIRKEARS
>SIGS_STAA8/773
YNKHQKIIHYLLKKYNISYNYDEYYQLLLIKMWQLSQIYKPSSKQSLSSFLFTRLNFYLIDLFRQQN
>Q9WZA2_THEMA/1989
LYERYQNEIRKKAGFFFEKFREKISSFEDLYQAICSIFCYARKTWNKDKGSFSAHLKSTINRKVIDLIQGI
>Q9CC01_MYCLE/2894
FIKATQQDVWRFVAYLSDVGNADDLTQETFLRAIGAIERFSGHSSGRTWLLAIARRVVADHIRRAQT
>Q9RCU7_STRCO/3198
FVRELQRDVRRYVAYLADDVQAADDLTQDTFLRALTALPRFEGRSSARVWLLSIARRAVVDSLRRAAC
>Q9RCU5_STRCO/48116
FVGALHRDVRRFVAYLSADPQAADDLAQDTFLRALGSLHRFEGRSSARVWLLSIARRAVIDNYRYASAR
>Q9HZV1_PSEAE/3299
LYQRHRQGLYRFLCGLAGQTELADEIYQETWLSLIRSESQPQGRASFRTWLYQIARNRLIDHWRKHGQ
>Y370_RHIME/1178
LVSARPQAMGALLRYFRNLDLAEEAFQEACIRALKNWPRTGPPRDPAAWLIFVGRNSGIDKVRRQSRE
>Q9A8M4_CAUCR/133201
AIAAARPQAMAALLRYFRDMDAAEEAFQDACLRALKAWPKNGPPRDPTAWLIMVGRNAAIDAVRKTSRN
>Q98HH3_RHILO/1078
AISAARPQAMGALLRYFRDLDTAEEAFQDACLRALKNWPQNGPPRDPAAWLIFVGRNSGIDAVRKRAKQ
>Q9I3Z3_PSEAE/876
LYREESRRVLATLIRLLGDFELAEEALHDAFIAAVEQWPRDGIPRNPRAWLVSAGRFKAIDNLRRRARF
>O86798_STRCO/1280
VFRIESPRVIAGVARLVRDVGIAEELTQDALVAALEQWPRDGVPDNPGAWLMTTARRRAVDLIRRRETY
>Q98I35_RHILO/1077
VWRIEQPKLTARLARYLRDIGLAEEIAGDAFLLALERWPRDGIPRNPAAWLTEVARNRALDRLRRTTM
>Q98DP3_RHILO/1682
ARQSYGKLVAWLAARTRDVTAAEDALADAFAAALERWPKSGVPEKPEAWLLAVARRRRVDAVRRRLT
>Q9KZX4_STRCO/572
LVRSLTPGVLTVLVRRGADFAAAEDAVQDALVEAVRGWPADPPRDPKGWLVTVAWRRFLDAARADTAR
>Q98D78_RHILO/2493
LYRQTSAKLFGVCLRVLNDRGDAEEALQEVFVKIWTKADRFAVSDLSPISWLVAIARNHAIDRVRARRKS
>SIGK_MYCTU/3096
YDHTKSRVYGLVMRVLRDTGYSEETTQEIYLEVWRNASEFDSAKGSALAWLLTMAHRRAVDRVRCEQ
>Q9RD50_STRCO/35105
VYDAVAGSVLGVVRAVLRDQAQSEEVAQEVLVEVWRTAPRYRPERGTVINWVLTLAHRRAVDRVRSVEAAA
>Q9S2A7_STRCO/2694
LYGLVSGPVFGLVRRVVRDPAQSEEVAQEVLLELWRSAARFDPRRGSALSWILTVAHRRAVDRVRSARA
>Q97I86_CLOAB/2395
FIECYGIMIHNVVTSILNKSHESQSIEECVDDILMCIWRNMDCFSKERGSLKCWIIVISKNKALDYKKKLKKI
>Q55192_SYNY3/2695
LYNRYGAVVYRLALRILQRSQDAEDLTQEIFLSLETTTPYNSQRGNLLNFLLTLTRSRALNRIRQGRSRG
>Q9F379_STRCO/2997
LYDRFASLVHGLAHRVLDDERAADHITRDVFAHVWEHPDAYDPRQGPLRTWIATLTHRFAVQRLRATET
>Q9RI52_STRCO/39108
IYRRWGSLVHTLATRSLGDAHEAEDVTQQVFVGAWRGRHGFRPERGTLGAWLVGITRRKVVDALAARTRR
>Q9K7Z1_BACHD/2594
FYKMHYPLVFNISLNILKDHSEAEDVSHDVFLEVFQKIEHYDATKGSVRSWLAVMTKSRSLDRLRKKRPL
