>Q8XVY0_RALSO/26164
TTTTFSVSTTVNATCVINSASALTFAAFDPSQGAQASTSSISVNCTNTTPFNIGLNAGTGTGATVASRVMTSGANTLTYSLYQDSGHASVWGNTVGTNTVAGTGAGMAAGNAITKTVYGLIPSQPNTVPGNYADTVTVT
>Q0BSH7_GRABC/37169
TTTTFQVTATVQASCIIQATNLSFGNYSGSQTDATSTIQVTCTNSTPYNVGLSAGTGSGATVSNRKMSLNSTSALPYALYSDASRSTNWGNTPNQDTVSGTGNGSAQSLTVYGRIQTGNYPTPGSYADTITAT
>Q0AAK3_ALKEH/24160
DTATFDVTATVDPTCTVDADNLVFGTYDPFSDTPLDENSEIRVQCTSDTPYDIGLDDGDNTGAEGERRMALADESDFLEYDLYHDNHGGTSWGDIDSGAELTGLSGTGSEQSYVVYGRIFAEQSVAVGNYVDTIEVT
>Q8XPY6_RALSO/36170
KTTTFTVSLTLQADCSISANALNFGTQGVLAANVDQTATLSVTCSNTAPYNVGFDAGTTTGSTIAARLLAGSGAATVGFQLYSDSARTQIWGNTVGTDTVSGTGSGTAQVLTVYGRVPSQNSPAAGTYSTTITAT
>Q63W79_BURPS/31169
ATATFTVSLTIQANCTISANALSFGTNGVLATAVNQQTTLSVTCSNTTSYNVGLDAGNVSGSTVSSRLLAGTTTGNTSTTVSFQLYQDSGHTTIWGNTVGTNTVSGTGNGTAQTLSVYGQVPAQTTPKPDTYESTVTAT
>Q7CVQ4_AGRFC/27162
ATTNFNVQITIQAACQINSAGNLDFGTNGVIGAPIDVTSQIVVQCTASTPFSLGLSAGAGSGATVANRLMTSAAGATISYSLYTTAAHSTVWGNTVGTDRQTGTGTGAPQNFTVFGRVPAQTTPAVGVYTDTVTAT
>Q985D5_RHILO/27162
ATGNMTVRITIQAECKVQTATDMDFGTNGVIDANVDQTSTISVQCTNSTPYNVGLSAGVGAGATVAVRKMTGPAAAVLNYSLYRDVARAQLWGTTIGTDTVAGTGNGAAQPLTVYGRVPPQTTPGAGVYTDTVAIT
>A6X8A6_OCHA4/27162
ATGNMNVRITIQAECKIVTATDLDFGTKGVIDVNVDQTSTISVQCTNGTPYTVGLSAGGGAGATVAMRKMTGAASATINYTIYRDAARTQVWGVTAGTDVVSGTGNGNAQSITAYGRVPAQTTPAPGVYSDVVSVT
>A9CH19_AGRFC/182313
TQVPFTVSAAVAPTCIISAQNINFGSHGVLNTAVDANGAINLTCTNGLNYSVALNGGLSNSPPAARQMVQGAASIIYGLYRDVSRTNVWGSAAGQIATGTGNGSLQTLTVFGRVPAQNTPAPGNYADTVVVT
>Q985D8_RHILO/205338
DRPTFTINAIVPANCLLAIQNIDFGSNGILGANVDATGGVSITCTPGTPYTVSLSNGTTGSAPTARKMSKGVETVTYGLYKDNARSQVWGDAAMPGSTVAGSGSGAAQNLTIYGRVPAQTTPSAGVYTDTVVVT
>A7H7Q6_ANADF/25150
ATAQFQVTATVVKKCKISATTIAFGNYDPATILSAEGTLTLKCTKGTLYSVALDGGSTGSRQMTQAAEVLDYELYSDAGHTAVWPSTAAAPSVAAAGADEALIIFAQVPADQYPAPGAYADTVTAT
>Q2IFL0_ANADE/27162
ATATLDVTATVVPSCTIAATPVAFGSYDPLVTNAATALDAQGTVTVTCTTGTAYTVGLGAGNSGSGSRAMQHASIAGAQLPYELYQEAARTTVWDSTVMQAGTAASITPVQYTVYGRIPAAQNVPTGNYADAVVAT
>Q0C623_HYPNA/23151
ANGTLDVQATVVNTCVVLTAPVVFASVGLDEVTANGSITVNCTNTSAFTVALDGGDSGDISARSLTHASLPASFNYQLYTDAGLTTVWGDGVTGSQANGSGPSQTLTVYGRTTSTPDTAGAYADEVQVT
>Q63W78_BURPS/193326
TFAFTASATVVNDCFINATNVAFGSTGVIQGALTATGTISAQCTNGDAFRIALNGGASGNVAARAMQRTGGGGAVNYQLYLDAAHSTIWGDGTAGTSTATGTGSGLSQSLTVYGQVPAQTTPAPGTYSDTITAT
>Q8XVY3_RALSO/23163
VLVALASWAPGALAVSCSVSANALSFGAYNTTSNLTGTTTVTITCGAWGGASSINYTLSASVGSGTYANRQVLNGSNVIAYNLYTTSADTSIWGDGNGDGTVTLSGTVTKQVGTVNLTIYGKINGGQNVVPGSYATTIPIT
>Q8XPY9_RALSO/25163
ASAQSCSVASASLNFGSISPVQAGNTDTSTTLTVSCSGFLLQGTVARACLNLGVGSGDTGISPRVLSAGANQLQYNLYADSARSVVWGGRTTPATPAIQVDVSLGLLGFGSATVTVYGRVPGGQTTVPAGAYTQSFSGT
>A9CH19_AGRFC/11158
IAAAFVASPVLAQSCTFSMSDMNFGFVNLAGGAAVDTTATLSVTCNNPLSLALSIRICPNINAGGGGQSGGIRRMLQGSNILNYQLYQTSARTTAWGSVTQPALGAPPPIDMALPLLINSTTRTVYGRINAGQASAARGLYLSSFAGG
>Q985D8_RHILO/37183
SAALLLPTVAWAQSCSFGVSAMNFGLVDTLSGSSSNSTATLSVNCTGLLLQRILVCPNLGTGSGGATASARQMLSGANDLNYQLYSDSARSVVWGSYAWPYPPTAPGFALTLNVLGSGSASQTIYGAILGGQATAVPSTYLSTFSGS
>Q3A2W0_PELCD/10150
IIVLLFAVDAYAFHCEVTTTPVSFGAYDVFSSFSLDTTGRISVSCNNPEKKRMPVTISISRGAANSFSPRQMRRIGGSDRMDYYLFVDASRTAVWGDGTGGSSTYVGMIDRTSPLNVPIYGRIPARQNLRAGSYQDILVVT
>A7H7Q5_ANADF/16150
APRAVDAAQPPSPGPSCSVSAGSVAFGAYDPLSPTHLDSTGTIGLTCAVRQLVTISLGTGQSGTFARELRGPGGAALRYDLYTDATRTQVWGDGTAGTATWPFETERGRYVPVYARVLAGQDVPAGPYSDTIVVT
>Q2IFK8_ANADE/19157
ATALSLVAPAAARAASCSLTMGTSIAFGAYDPLSPVPLTTTGMLQYRCSRGQPIRITFTAGSSGDVYARTLRQGPWTLAYNLYADAGFGTVWGDGTGGTAAAPAVTTLSNGLTVAYVFGRIPARQEPPVGPYSDTIVVT
>Q1D5L1_MYXXD/13153
AVAGVCGLLPGLAGAVCQIRSTIGVSFGTYLTTDLLPRDSAGSITYRCEGQITPITIDFSAGGSGTPLARSMAGPGAQRLEYNLYVDATRLIVWGNGTSGTGRYGPVVPLFGVEVTVPIFGRIPAGQAIPAGAYADTVVMT
>Q60C08_METCA/20167
LLACPKISDADPYQCDIGNISVPHAVYDPTDSNPNSSGVGTVGITCHLKNAKQTQQVQYTIALSRGSSGSYNPRRMSGGRGSLGYNLYLDAARVTIWGDGSGGTFPLRGTLLLNPTTPVQQVIHNIYGLIPPLQDVYAGTYTDTVTIT
>Q0AAK6_ALKEH/8153
SLFLVAAGSGSAQAYTCSISADPLAFGQYDPITGAQVDGASEVSVSCSLLGLVSLLVSYEISLDPGTGGSYHPRALSSATDTLDYNLYVDTARTEIWGDGTDDTATVTDSYTLGVLTVTRYYPVYGRVFADQNVAAGVYDDTITAT
>Q12FX3_POLSJ/50194
TWGVLLAAGTAHATISCSVSGNGFTSVYDPISTVPNDNVSSVTINCSRASGDPTTTTYSLASTNGLYPQGQNNRAYYPTNKYLKYDIYKDAAYSSRWGPGGSAPFTGTLNFGSGTSASLTLPYYNRVAAQQSAVAADYTDTMTAT
>A1VIJ0_POLNA/19170
ALFLLLATAGPAQAGSCTVGSSGLAFGAYQPLTFAGKLTSSAVTSNASISVVCTGIASGGAYSIALGPSTTGSGDRISTRYLGNSNGGDDMSFNIYTSASYSTVWGNGTTGGLVGGSIPVGDSNQSQPVYGRIAASQNTLRAGSYSGSLTMT
>Q6D2L8_PECAS/25179
AFLLMALYYAPFSHAACTTPPSNTVLGPYGSSVVGVNGTPQVVASGSGFRCTGSVLSLASTNTITATIQSDSNPSGTTMRMRRGTTTDYVPYSLCMDSGCGTLYNINSTYTWSRTTFLDILGLFNSTDGTMPIYIRTSIGSNVSAGTYTDTVTIK
>Q9HVD9_PSEAE/14161
ATLCASPLLLAACTTSSGTGNFGSLSSFTVASTAQTITGTTGFKCTGSLLSILSTNTIDATIASTANPLGTTPRLYNAASGTYLPYSICKDNGCGTVYNVGSTVRWSSTTFLGILGLFNATDGSLPLYLRTATGVTLPAGTYTDTIGL
>A8GDM0_SERP5/8155
LLLALLLLIGRQALADCTTANGSVTLPGSSTFAVYNGSLSAQGTAGLNCSGLGLSLLTQNTVTVKINSTTHNMALANADGSGDTIPYLIYPDANYQYPYSVGQTIDYSSLNLLTLILISPNVNFPLYIKTTAGANVRSGTYTDTVNLV
>Q63TE3_BURPS/22161
ALHAHATCSVVSAAAASFGTVTSFAVARQPQSTSTTSSGLSCSGALLGLFVIGDQINASITSANGGKLVGPTGDAVPYTVFADQNYSIKLDLGVTYNWASGQLLNLLGIFGGPAQTLPMYFRTVQGSNVAAGTYTDTLTI
>Q88KC7_PSEPK/8157
LVASVLLLPSSTAWALCSSVATLPAAFGSLNSTQVRNTVQTASSLNSGLQCTGSLLTLLSSGDHFYATITPASGGLVGPTGDVIPYTLYADNTTRYPITRGVAYDFARNGILDLLGLLGGTTPKAVPIYMRTQIGSNVAAGLYQEALTVA
>Q4K9N4_PSEF5/11161
ILGLLASVLSCTAQALCTTVPTAPAGFGTVSSILVRTTSQPASTTNAGLSCTGSLLSILASNDHFYATITSTTSGMVGPTGDVISYTLYANNSTSYPITRGVQFDFARNSIIDLLGLLGSPTVAKTVPIYLGTLTGSNVAAGVYTENLSIL
>Q0C620_HYPNA/7149
LVLSLFVLVCPALAQSCTVSSTPLSFTPYHAFSGNASTGSATVTVSCSGLLFVGASYEVRLGGGQSGNIMARKMKQASSGQELSYQVYTQSAQVWGNGVQGSTINDFFLLGLLARSRAHPITGTIPANQQVNSGSYSDAVTMT
>Q0BSH4_GRABC/13154
ILFAVLALFPKSSMAQCIVSVSNLNFGVYDPFSSTPANTSSNINVTSCPILFGSYSVGLNTGQNAGGSYNNRSMRYNSQRLQYQIYTSNDRSNIWGNNSQGTVMQYGYCYFFACNNSFTMYGVIPRYQNVSPGFYSDTVVVT
>Q13JY7_BURXL/27170
ATATLTNTATIVASCTLGATGFTNTYDPVTANATAPVRDATASVTYTCTNGGTGALIALDGGNHETGTSAVPIRHLAGATNTTDLLAYNLYQEPTYTTPWGYAAAAELAAIEDGVQHVLTVYTEIPAGQSLLHVDTYSDTVTAT
>Q60C05_METCA/39178
ETASLGISATVANTCKIESTSNVNFTTYDPTSTTDTATNSGQIRVKCTKGSTSTIYMGAGTASGATCSGTPIRKMANGADLLTYNLYQNNGYTTVWGCDSSNQYSYTASNNGWQNLTVYGVIPAGQDVPAGSYTDTVTVT
>Q9HVE3_PSEAE/30174
TATIVLSATLLPACEAGSVGSGGAITFGTLDFGQYASLNNAISATSQQGAGSIRVRCVSGQTYAITLDGGLYGSVATRRMANIANTALTLTYNLYSDRPGGIVWDNTTGVAATGNGNDQWYPIYGLVPAQTTPVAGTYRDTVNVT
>A8GDM4_SERP5/22164
KTATIGVSATLLKACEAGSSSGGNVSFGSLDFGTVYFLTTSVSVAGQQNAGAIRVKCNNGTSYNVLLNGGQSGNTAARYLKSAAGQQVNYNLYTNSSHSIIWDNLTGVSQTANGQDNWLPVYGMIPVQSTPPIGSYTDTVQVT
>Q0WG86_YERPE/31173
TANITVTATLLPTCLARFLVSGSTSFGTLDFGSTVALTQPISVAGQTNSGAITVQCSNGTSFNVLLSSGQSGNTNNRYLSGGPSAQQVSYNLYTNATYSVIWDDVVGVSQVATGQVVTIPVYGLVPAQSTPAVGTYTDTVQVT
>A7MEE0_CROS8/26185
SSGTIGATLTLTNGCLINGSPSQNGINFGTLNFGTSPATFSTLTTQLTGAGGGNTFSIQCTTPEYTVQITGSTNQAPGTVVGTPGTPGRYLVNTTNTAQGVAYSLYSDSAFQNVIANNASIPAASTTGGVSNYTIYGRIQGGGNSVTVVPGTYTDTINVS
>Q6D2M2_PECAS/29179
INGQIPVSLTITAACTINNGGGAGTTWGTISFGSHSDLTANIDSQVTSVSGNGITVSCSVGTPATLSIGPGANDNTSLRRLAPGTGTYNVPYRLYSDSTRTTEIPIGTATGIAIVATGNPQLVPVYARILPADQTVLSPTAGTYTDTVTAT
>Q9HVE4_PSEAE/29179
GQVGVQMVIGAGCTIINGSVSGGINQWGTLDFGSHSDLTNVVDAQTVGTSGNIQIQCSTGLTPSLTVNAGLHASGGQRYMQNTTTTSSTIAYNIYSDAARSALIQANTPVDISSVSTGTAVNIPLYGRVVPTGQSTPTPTAGTYTDTLLVT
>A1TVZ8_ACIAC/43202
LSGVLGARMMLTSGCVINGGPGTVSGADFGTLDFGSRPATFVGTATATASGGEGGAGATQIVCSPEITAFSITIDSGTHAGQGAGIGTGTRAMSNGSAFLPYDVYRDPGHTVPYTAATAVTGIAVPSAGNPFTLPIYGLVNKTNAVALPAGLYTDQLQVT
>Q63TD9_BURPS/28183
TGTVNSQLVLTTGCAVDTGGGSVNSANFGTLDFGTQPSGFTGRLTSAAKGGGSTSTQVTCSPDVTSIQVTIDGGQNASKGATVGTGTRALANGASFVPYEVYADAGHSQQYVSGTAQSVAVPTPGAAFELPLYGVVNKTNASALAAGTYTDVLNVT
>Q4K9M9_PSEF5/25175
ISGQIQARLVITAACQVSSGGDPSASPIGDPGMLNFGQQGPTWVAPIKASLTNSAEGQLQVACNSSVTGFTVTINGGLNGDGTTRRLSNGRQTIPYRLFVDASGSDSYSIGQQRNFAVSSGRRIPIPVFGSVVANTRAVPAGLYTDTLTIT
>Q63TD8_BURPS/27178
TGTMQVNLQVSRGCEVAGVAASGDLGRLDFGAQGPLWSDYLTADGRATSSGAVRVVCSPDVNGFLVSIDGGRNGDQSTRYLVKRGANGRVAGRIPYNVYRDAARSVPYVPLMPQSFLVDGGRDDVTLPVYGVVNGMTRAVPSGTYEDLLGIT
>Q4K9M8_PSEF5/21172
ADLQVQVRVDVLRGCQLVGQQREAGIEQLGTLDFGSTARLDDPAGPLSAALPGSRQPRLECNPDTPYQMRIDGGLHGGVGEVRYLASNTRAGKPIPYRLYQDPARRIPLPVNVPVSGRVPDSGTVDLPLYGRIEPLVEIPRAGGYSDVLKVT
>Q88KD3_PSEPK/43194
ADFLVEVRVLVQRGCMLVNQTRDAGAQALGRIDLGATARLDGPGAPLSGVLLSQRPPRLECNPDTPYQVRVDGGQHGGIGELRYLASDDHLARPIPYRLYRDAAWREPLAVGVAQSARVPGSGSVELPLYARIDKLAWVPDAGVYADLLKVT
>Q4K9N1_PSEF5/25163
TSQSFQVSATITAGCLVVGGVSNYGSLAFGSQSALSTSTVRVALTGGVQLQCTPGVTLNMTVDGGQYNSSGRHMQLDSGSARVAYQLFRDAGYSQSLGIGQSVAVAYSDANNISLPIYGQVQLPGNQPGGTYSDVLQVQ
>Q88KD0_PSEPK/24164
TTSTFTVTAQVVAGCLVVGGVTSYGTLDYGSQSALSTGLLSTSLGGSTVTFQCTPGVAMSMSLDGGQNSASGTRNLKRTSGTQVLAYQLYRDAAYSQALGIGQSVAVSYSDPTAIKLPVYGRVQLTGTQPAGTYTDVVQVT
>Q87G12_VIBPA/25174
TETFQVSATVDTGCLINGAVQEESATQAGQIGTLDFGEHSSVYAAEVQGSVTYSSSLTLSCTPGIAMNVSLNGGLNSSDGVRKLKHTEEVTTVDYFLFQDLDYTQVLDIDTRYSVDTTQDPDNIQFPIWAKAIINGNEIAGIYMDTLTLT
>Q2NSS3_SODGM/17158
PNQSFQVAATVVAGCLINGGPSIGKLDFGSQAGSDRQLFTASMVQNTAFSLACSPGTTLSMRIDGGSHYTSQRNLQRVGGTQLIGYRLYTDAGLTPANAIPVGQDVSLSYSDANHIVLPVYGALQLSGMSLSGTYTDTLTVT
>A7MEE1_CROS8/37181
TTQSFQVSATVAAGCSVTTGTGGVMGSLNFGTHTGVESTRVSTSFVPSSSLLLACTPGVALSMSINGGQNYGSSVRNMVRGGGTERVPYRLYTSSSLNAASEIGVNQAVSIAYSNSNNISLPLFGAAQLTGFSPAGSYTDTLTVT
>Q63TE0_BURPS/29171
TQAFTVSAQIVAGCGVAGGGPASGLNFGTLDFGAHPAVATGQVSAAVGGGALQIECSPGSTLKMTIDGGANASAGNTQRNLASGGARVAYRLYSDPARTQAIAVGQAVSLPVSGTITLPIYGALTLPGGGAPAGTYTDTAQVT
>Q1D5K8_MYXXD/34182
ATANLNVTANVGGSCAIGSGGGGGTLNFGTYDPIIVNSALGIDLFGTGTLSVQCTLLGTAVITLGQGLHPASGSTDAAPQRRMRNTASADYLAYGLNQDVTRLIGWGNTAGSGLPFLGTGLPVPVLVYGTVPRGQNVPSGTYNDTVVAT
>Q7CIW7_YERPE/27181
TGTLSSTLTIISGCYINDGTGSGSLSNLGTINFGSVVALSSVINVAFSGTLSGTLSLYCSANTAYTIAIDNGLYSTSGQRRLRGGAAAPTTFEYVNYNLFKDSSYNQPWNATPTTGVQSGTGTGIATPIPLTIYAQVPIQTTPSVSTYIDTVIVT
>A8GDM5_SERP5/27176
IQGNLGVTLTIGAGCVVGGGNSAGSANDFGSIDFGTYSSLSNIIDASATGSGGAGTLSLTCTTGTAYTVALNNGLHVGAGNQRQMASTAGSLIKYNLYQDQARATAWSSGANALTGTGTGAAVPLIVYARVPAAATTPDPDTYNDTVTMT
>Q6F7G3_ACIAD/166298
VQNYMKTTTKFENSCAVVGVNTLDFGSIISLNQPIYGQTSIQLKCPTNTALKVGLDTGLYASGTQRRMTNAGQFIQYDLYQDSAYSIAWGTSDNSVLKLDTYQPVFTIPVYGRILPQNQNLKAGEYRDTITIK
>Q0VRQ1_ALCBS/179310
TNYTLNANLAIQNQCSITANDLNFGTQSSPLPQTDSDTFIDVRCTNTSPFTVGLSDGLNPSGGSRRMRDGSQFVSYGLFQDAARSIPWDSTTNRKGATGLGTSTSIMMSVFGRIPAAPSTPPGNYTDTITVD
>Q6D2M1_PECAS/27175
VSSTFDVEATIQKGCVFGTSTASSQPNMGTLSFGIRGATATNVDVASTSGSGSIIATCTPGINAIIELDYGTNGGSSTQRYLKNAAGTRLLAYQLYRDAARTLVWGTGGLALSIVSFPATPQTYTVYARYFGGTPLPPAGIYTDNVTVS
>Q9HVE2_PSEAE/31177
RAFQVQAVVANGCAFGTAISNNAYDLGTLSFGTLGNLASPVNVASSSGAGSIVLTCTPGMTVSVALDYGVNGGSSSQRYLKRVSGNETLAYQLYQDAAYSQVWGNGALARTIANFPASTQTYTVYARLFAVGSLPSAGNYRDTVTVT
>A8GDM3_SERP5/30181
KTQAMTVNATVVKGCILGSGSSDVTTFGNLSFGQVSSLASNISIVSSSGAGSVLFRCNPGLSVTLALGIGNNVTGSISAGRKLKNTLTPETLIYQLYQDSNYSTIWGDGTNGGSTEIVAATGSTQEIKVYARLFSTSTLPTSGTYSDTVLLT
>Q0WG87_YERPE/33182
SPFTVNATVLTGCVLGGGATDSSNFGSINFGNITSLATAINATSGLNAGTITIQCNGNPSVTLALNSGANMTGNISAGRHLLNSSTGEYLLYQIYQNSPRTLIWGDGSNGGATQVIATDGTLQQVILYAQLFASNTQPTAGVYLDTLLVT
>Q8PAU6_XANCP/47193
TTTFNVKIAVTKACTITAASATDVDFGSVLSTSTANADANGSVTAQCTALTPYNIALSAGSNAGTANDVTTRRMKNTDALVTTNNFVAYQLYQDLGRSTVWGSTSGTNTLSRTATGINQIYPVYGRVTNPSAGNPATGTYQDTITAT
>Q6F7G4_ACIAD/24154
IANTFNVSITVKESCDIRTLTATDIDFGTVTQAAQNAYNSGQLNVACTSGTSYAIALQSSRKMVNIADPTVQVPYTLFQDSNYSKVWGSDSGTGLSQIGTGETQMIKIWGKVDAQDTAVPAGQYLDTVTAI
>A8GDM0_SERP5/177307
KPSTVTISLTLTKDCLFGTAQNVNFGSMALVGQFNPVNQSITLTCTKTEGYNTYFTDGNNPVTGWRRMKSGTSNYMQYQIYLPNSTTVWNSTNKQAGAGTGLAQSIPYLARINPAQTEVPVGTYQDNISFV
>Q6D2L8_PECAS/200332
TTSTLNITMTITNDCQITSAPNISFGTAAFPANFAAVNNNLGVRCTLLGAYTVKLVSTHPDDANWRRMTATVGSTPYYLQYQLYRTGNIAWTETNDYSGAGTGITQNIPYTARINASQASKPEGTYKDTVTIN
>Q9HVD9_PSEAE/184311
SSSVNVTLTVLKDCFIDSAPDLSFGSAALVSAFTAVNQNIGVRCTLNATYTIGFDNGNNFSGGWRRMLSGANAIQYNLYKPGDSTVWTTSNTQAGTGSGAAQNVPYRAIVNPAQGNVPAGTYSDTVRV
>Q87G14_VIBPA/181318
QSTITVELEVTPDCMITAPDIDFGSSPLVAGFDPVSQVISLTCTKNSSFTIGLNDGVNASGGQRRMASDGNYLEYEIYKSSSTERWGSAGAERREQSDVDTGDAIPDGITPQNYNYRAQIMASQTTPPAGTYTDSIIV
>Q4K9N4_PSEF5/184326
GTQSLTVNMTVSNDCVITAPNISFGSAPVISAFATVTGQTINLACTKGSAYTVGLSDGQHPVSAGGRRQMISGSNYLAYDIFKSAGSTRWGSVGSARRSSTDAEVNPGNGLGTGSQIFNYNARIYTDQSTPPAGTYIDNVVLD
>Q88KC7_PSEPK/182318
QLLNVSLTVTNDCQITTPDISFASAPVVAGFGTVSQGINVSCTKGSSYTVGLGDGQNVSGGRRRMKSSANNYLAYDIFKSAGTVRWGASGAARRSSTDADINPGVGTGTGSQVFNYNAKVYTDQATPPAANYTDSVI
>A1TW02_ACIAC/189321
VNRLLTVRLVVTNDCTLSAPNLQFGSAPLPAAFPAVSGNISVVCTRGLSVTVGLGPGAYPSGGRRQMASGANRLAYDLFRADGSLWGTAAGTRTAGTAVTDGTAPIVLPYTARIYGDQTPPPPGVYQDNVVVD
>A7MEE4_CROS8/177314
STFTSLVTLTVTNDCSTITAPNLNFASAPLVKDFAPVSQTIAITCTKGSTYTVGINNGNYAVGSVRNMASGTNRLSYEIYKGSTANRWGVSGTERWASDTPTQVSSDGLLKSYQYTARILATQNTPPAGSYTDTLVVD
>A1VIJ3_POLNA/74223
DNANLAVSATVLTNCAIGPGTLAFPANLQLGVTKGLGTKAANPANADSDSGTSISVTCTNGSSAAITAGAGANTAGVVATTRALKSGSNYIDYELYTDTNRTTVLDGTNSISYTGTGLTEIDKTTIFGRILGADIATAKAGAYADTVAMT
>Q0VRP8_ALCBS/30176
LTDSFDVLLNLQSSCTLDSTTDLDFGDQTDADVVAGNIDAANSVTVTCSNGADFTIGLTNGANFGDGPVATERAMKSANASYVSYQIFQDSGRTTAWTDTDDVAFNGTGASQNIDIYGRIPAQTPTIDAADTFNATGLALTDTVTVT
