>LACY_CITFR/1412
MYYLKNTNFWMFGFFFFFYFFIMGAYFPFFPIWLHEVNHISKGDTGIIFACISLFSLLFQPIFGLLSDKLGLRKHLLWVITGMLVMFAPFFIYVFGPLLQVNILLGSIVGGIYLGFIYNAGAPAIEAYIEKASRRSNFEFGRARMFGCVGWALCASIAGIMFTINNQFVFWLGSGCAVILALLLLFSKTDVPSSAKVADAVGANNSAFSLKLALELFKQPKLWLISLYVVGVSCTYDVFDQQFANFFTSFFATGEQGTRVFGYVTTMGELLNASIMFFAPLIVNRIGGKNALLLAGTIMSVRIIGSHSHTALEVVILKTLHMFEIPFLIVGCFKYITSQFEVRFSATIYLVCFCFFKQLAMIFMSVLAGKMYESIGFQGAYLVLGIIRVSFTLISVFTLSGPGPFSLLRRRE
>LACY_KLEOX/6416
LAPRERHNFIYFMLFFFFYYFIMSAYFPFFPVWLAEVNHLTKTETGIVFSCISLFAIIFQPVFGLISDKLGLRKHLLWTITILLILFAPFFIFVFSPLLQMNIMAGALVGGVYLGIVFSSRSGAVEAYIERVSRANRFEYGKVRVSGCVGWALCASITGILFSIDPNITFWIASGFALILGVLLWVSKPESSNSAEVIDALGANRQAFSMRTAAELFRMPRFWGFIIYVVGVASVYDVFDQQFANFFKGFFSSPQRGTEVFGFVTTGGELLNALIMFCAPAIINRIGAKNALLIAGLIMSVRILGSSFATSAVEVIILKMLHMFEIPFLLVGTFKYISSAFKGKLSATLFLIGFNLSKQLSSVVLSAWVGRMYDTVGFHQAYLILGCITLSFTVISLFTLKGSKTLLPATA
>RAFB_ECOLX/4415
ASTHKNTDFWIFGLFFFLYFFIMATCFPFLPVWLSDVVGLSKTDTGIVFSCLSLFAISFQPLLGVISDRLGLKKNLIWSISLLLVFFAPFFLYVFAPLLHLNIWAGALTGGVFIGFVFSAGAGAIEAYIERVSRSSGFEYGKARMFGCLGWALCATMAGILFNVDPSLVFWMGSGGALLLLLLLYLARPSTSQTAMVMNALGANSSLISTRMVFSLFRMRQMWMFVLYTIGVACVYDVFDQQFAIFFRSFFDTPQAGIKAFGFATTAGEICNAIIMFCTPWIINRIGAKNTLLVAGGIMTIRITGSAFATTMTEVVILKMLHALEVPFLLVGAFKYITGVFDTRLSATVYLIGFQFSKQLAAILLSTFAGHLYDRMGFQNTYFVLGMIVLTVTVISAFTLSSSPGIVHPSVE
>A0A026RKY7_ECOLX/4411
NIPFRNAYYRFASSYSFLFFISWSLWWSLYAIWLKGHLGLTGTELGTLYSVNQFTSILFMMFYGIVQDKLGLKKPLIWCMSFILVLTGPFMIYVYEPLLQSNFSVGLILGALFFGLGYLAGCGLLDSFTEKMARNFHFEYGTARAWGSFGYAIGAFFAGIFFSISPHINFWLVSLFGAVFMMINMRFKDKDHQCIAADAGGVKKEDFIAVFKDRNFWVFVIFIVGTWSFYNIFDQQLFPVFYAGLFESHDVGTRLYGYLNSFQVVLEALCMAIIPFFVNRVGPKNALLIGVVIMALRILSCALFVNPWIISLVKLLHAIEVPLCVISVFKYSVANFDKRLSSTIFLIGFQIASSLGIVLLSTPTGILFDHAGYQTVFFAISGIVCLMLLFGIFFLSKKREQIVMETPV
